// Jest Snapshot v1, https://goo.gl/fbAQLP

exports[`<For /> should render and match the snapshot 1`] = `
<View
  pointerEvents="box-none"
  style={
    Object {
      "flex": 1,
    }
  }
>
  <View
    collapsable={true}
    pointerEvents="box-none"
    style={
      Object {
        "flex": 1,
      }
    }
  >
    <View
      style={
        Object {
          "flexDirection": "column",
          "marginLeft": 0,
        }
      }
      testID="for"
    >
      <Text
        style={
          Array [
            Object {
              "color": "#000000",
              "fontFamily": "System",
              "fontWeight": "400",
              "textAlign": "left",
            },
            Object {
              "fontSize": NaN,
            },
          ]
        }
        testID="t"
      >
        s
      </Text>
    </View>
  </View>
</View>
`;
